2026-05-19 17:15:53 [main] INFO  com.proaula.aula.AulaApplication - Starting AulaApplication using Java 21.0.9 with PID 28508 (C:\Users\HP\Downloads\Pro.A(mongobd) (4) (2)\Pro.A(Actual SQL) (1)\Pro.A(Actual)\Pro.Aula (Spring boot )\aula\target\classes started by HP in C:\Users\HP\Downloads\Pro.A(mongobd) (4) (2)\Pro.A(Actual SQL) (1)\Pro.A(Actual)\Pro.Aula (Spring boot )\aula)
2026-05-19 17:15:53 [main] DEBUG com.proaula.aula.AulaApplication - Running with Spring Boot v3.2.12, Spring v6.1.15
2026-05-19 17:15:53 [main] INFO  com.proaula.aula.AulaApplication - The following 1 profile is active: "dev"
2026-05-19 17:15:55 [main] INFO  o.s.d.r.c.RepositoryConfigurationDelegate - Bootstrapping Spring Data MongoDB repositories in DEFAULT mode.
2026-05-19 17:15:55 [main] INFO  o.s.d.r.c.RepositoryConfigurationDelegate - Finished Spring Data repository scanning in 111 ms. Found 10 MongoDB repository interfaces.
2026-05-19 17:15:56 [main] INFO  o.s.b.w.e.tomcat.TomcatWebServer - Tomcat initialized with port 8082 (http)
2026-05-19 17:15:56 [main] INFO  o.a.catalina.core.StandardService - Starting service [Tomcat]
2026-05-19 17:15:56 [main] INFO  o.a.catalina.core.StandardEngine - Starting Servlet engine: [Apache Tomcat/10.1.33]
2026-05-19 17:15:57 [main] INFO  o.a.c.c.C.[Tomcat].[localhost].[/] - Initializing Spring embedded WebApplicationContext
2026-05-19 17:15:57 [main] INFO  o.s.b.w.s.c.ServletWebServerApplicationContext - Root WebApplicationContext: initialization completed in 3599 ms
2026-05-19 17:15:57 [main] INFO  org.mongodb.driver.client - MongoClient with metadata {"driver": {"name": "mongo-java-driver|sync|spring-boot", "version": "4.11.5"}, "os": {"type": "Windows", "name": "Windows 11", "architecture": "amd64", "version": "10.0"}, "platform": "Java/Oracle Corporation/21.0.9+7-LTS-338"} created with settings MongoClientSettings{readPreference=primary, writeConcern=WriteConcern{w=null, wTimeout=null ms, journal=null}, retryWrites=true, retryReads=true, readConcern=ReadConcern{level=null}, credential=null, transportSettings=null, streamFactoryFactory=null, commandListeners=[io.micrometer.core.instrument.binder.mongodb.MongoMetricsCommandListener@1152900], codecRegistry=ProvidersCodecRegistry{codecProviders=[ValueCodecProvider{}, BsonValueCodecProvider{}, DBRefCodecProvider{}, DBObjectCodecProvider{}, DocumentCodecProvider{}, CollectionCodecProvider{}, IterableCodecProvider{}, MapCodecProvider{}, GeoJsonCodecProvider{}, GridFSFileCodecProvider{}, Jsr310CodecProvider{}, JsonObjectCodecProvider{}, BsonCodecProvider{}, EnumCodecProvider{}, com.mongodb.client.model.mql.ExpressionCodecProvider@2fba0dac, com.mongodb.Jep395RecordCodecProvider@2b2a4332, com.mongodb.KotlinCodecProvider@2cbe455c]}, loggerSettings=LoggerSettings{maxDocumentLength=1000}, clusterSettings={hosts=[localhost:27017], srvServiceName=mongodb, mode=SINGLE, requiredClusterType=UNKNOWN, requiredReplicaSetName='null', serverSelector='null', clusterListeners='[]', serverSelectionTimeout='30000 ms', localThreshold='15 ms'}, socketSettings=SocketSettings{connectTimeoutMS=10000, readTimeoutMS=0, receiveBufferSize=0, proxySettings=ProxySettings{host=null, port=null, username=null, password=null}}, heartbeatSocketSettings=SocketSettings{connectTimeoutMS=10000, readTimeoutMS=10000, receiveBufferSize=0, proxySettings=ProxySettings{host=null, port=null, username=null, password=null}}, connectionPoolSettings=ConnectionPoolSettings{maxSize=100, minSize=0, maxWaitTimeMS=120000, maxConnectionLifeTimeMS=0, maxConnectionIdleTimeMS=0, maintenanceInitialDelayMS=0, maintenanceFrequencyMS=60000, connectionPoolListeners=[io.micrometer.core.instrument.binder.mongodb.MongoMetricsConnectionPoolListener@4cb24e2], maxConnecting=2}, serverSettings=ServerSettings{heartbeatFrequencyMS=10000, minHeartbeatFrequencyMS=500, serverListeners='[]', serverMonitorListeners='[]'}, sslSettings=SslSettings{enabled=false, invalidHostNameAllowed=false, context=null}, applicationName='null', compressorList=[], uuidRepresentation=JAVA_LEGACY, serverApi=null, autoEncryptionSettings=null, dnsClient=null, inetAddressResolver=null, contextProvider=null}
2026-05-19 17:15:57 [cluster-ClusterId{value='6a0ce11da1451b0e08f3d5e1', description='null'}-localhost:27017] INFO  org.mongodb.driver.cluster - Monitor thread successfully connected to server with description ServerDescription{address=localhost:27017, type=STANDALONE, state=CONNECTED, ok=true, minWireVersion=0, maxWireVersion=27, maxDocumentSize=16777216, logicalSessionTimeoutMinutes=30, roundTripTimeNanos=58661200}
2026-05-19 17:15:58 [main] DEBUG c.p.a.config.JwtAuthenticationFilter - Filter 'jwtAuthenticationFilter' configured for use
2026-05-19 17:15:59 [main] INFO  o.s.b.a.w.s.WelcomePageHandlerMapping - Adding welcome page template: index
2026-05-19 17:15:59 [main] INFO  o.s.b.a.e.web.EndpointLinksResolver - Exposing 1 endpoint(s) beneath base path '/actuator'
2026-05-19 17:15:59 [main] INFO  o.s.s.web.DefaultSecurityFilterChain - Will secure any request with [org.springframework.security.web.session.DisableEncodeUrlFilter@6dbeaef8, org.springframework.security.web.context.request.async.WebAsyncManagerIntegrationFilter@7744195, org.springframework.security.web.context.SecurityContextHolderFilter@58e5fbe5, org.springframework.security.web.header.HeaderWriterFilter@7096d451, org.springframework.security.web.authentication.logout.LogoutFilter@3c6b300a, org.springframework.security.oauth2.client.web.OAuth2AuthorizationRequestRedirectFilter@3700994c, org.springframework.security.oauth2.client.web.OAuth2LoginAuthenticationFilter@2d3bb944, com.proaula.aula.config.JwtAuthenticationFilter@24eecabf, org.springframework.security.web.authentication.UsernamePasswordAuthenticationFilter@27055a2a, org.springframework.security.web.savedrequest.RequestCacheAwareFilter@6b33892a, org.springframework.security.web.servletapi.SecurityContextHolderAwareRequestFilter@11a67420, org.springframework.security.web.authentication.AnonymousAuthenticationFilter@77f529a6, org.springframework.security.web.session.SessionManagementFilter@67d180e4, org.springframework.security.web.access.ExceptionTranslationFilter@758d4aa9, org.springframework.security.web.access.intercept.AuthorizationFilter@4037cdb0]
2026-05-19 17:16:00 [main] INFO  o.s.b.w.e.tomcat.TomcatWebServer - Tomcat started on port 8082 (http) with context path ''
2026-05-19 17:16:00 [main] INFO  com.proaula.aula.AulaApplication - Started AulaApplication in 7.847 seconds (process running for 8.933)
2026-05-19 17:16:00 [main] INFO  c.p.aula.Service.DataSeederService - 🗺️ Inicializando barrios de Cartagena desde Localidades.java...
2026-05-19 17:16:00 [main] INFO  c.p.aula.Service.DataSeederService - 🔐 Verificando códigos de administrador en la base de datos...
2026-05-19 17:16:00 [main] INFO  c.p.aula.Service.DataSeederService - ✅ 0 barrios guardados en la base de datos
2026-05-19 17:16:00 [main] INFO  c.p.aula.Service.DataSeederService - 📊 Datos actuales: 298 rutas, 890 buses, 3020 usuarios, 162 barrios
2026-05-19 17:16:00 [main] INFO  c.p.aula.Service.DataSeederService - ⚠️ Se detectaron rutas existentes. Se omite la creación de rutas y buses para evitar duplicados.
2026-05-19 17:16:00 [main] INFO  c.p.aula.Service.DataSeederService - ✅ Rutas existentes detectadas. No se crearon rutas ni buses nuevos.
2026-05-19 17:16:00 [main] INFO  c.p.aula.Service.DataSeederService - ✅ El administrador 'admin' ya existe. No se creó un nuevo admin.
2026-05-19 17:16:01 [main] INFO  c.p.aula.Service.DataSeederService - 👥 Usuarios normales existentes: 3015, objetivo: 3000, faltantes: 0
2026-05-19 17:16:01 [main] INFO  c.p.aula.Service.DataSeederService - ✅ Ya existen 3015 usuarios normales. No se agregaron más.
2026-05-19 17:16:01 [main] INFO  c.p.aula.Service.DataSeederService - 🔧 Normalizando roles en la base de datos...
2026-05-19 17:16:01 [main] INFO  c.p.aula.Service.DataSeederService - ✅ 0 roles normalizados en la base de datos
2026-05-19 17:16:01 [main] INFO  c.p.aula.Service.DataSeederService -    Roles válidos: ROLE_USER, ROLE_ADMIN
2026-05-19 17:16:01 [main] INFO  c.p.aula.Service.DataSeederService - 🎉 ================================================
2026-05-19 17:16:01 [main] INFO  c.p.aula.Service.DataSeederService - 🎉 CARGA DE DATOS COMPLETADA EXITOSAMENTE
2026-05-19 17:16:01 [main] INFO  c.p.aula.Service.DataSeederService - 🎉 ================================================
2026-05-19 17:16:01 [main] INFO  c.p.aula.Service.DataSeederService - 📊 RESUMEN:
2026-05-19 17:16:01 [main] INFO  c.p.aula.Service.DataSeederService -    ✅ Rutas: 298
2026-05-19 17:16:01 [main] INFO  c.p.aula.Service.DataSeederService -    ✅ Buses: 890
2026-05-19 17:16:01 [main] INFO  c.p.aula.Service.DataSeederService -    ✅ Usuarios: 3020
2026-05-19 17:16:01 [main] INFO  c.p.aula.Service.DataSeederService -    ✅ Paradas: 1068
2026-05-19 17:16:01 [main] INFO  c.p.aula.Service.DataSeederService -    📈 TOTAL REGISTROS: 5276
2026-05-19 17:16:01 [main] INFO  c.p.aula.Service.DataSeederService - 🎉 ================================================
2026-05-19 17:16:01 [main] INFO  c.p.aula.Service.DataSeederService - 🔐 CREDENCIALES POR DEFECTO:
2026-05-19 17:16:01 [main] INFO  c.p.aula.Service.DataSeederService -    Admin: user=admin, pass=admin123
2026-05-19 17:16:01 [main] INFO  c.p.aula.Service.DataSeederService -    Usuario: user=[cualquiera generado], pass=user123
2026-05-19 17:16:01 [main] INFO  c.p.aula.Service.DataSeederService - 🎉 ================================================
2026-05-19 17:16:02 [RMI TCP Connection(2)-127.0.0.1] INFO  o.a.c.c.C.[Tomcat].[localhost].[/] - Initializing Spring DispatcherServlet 'dispatcherServlet'
2026-05-19 17:16:02 [RMI TCP Connection(2)-127.0.0.1] INFO  o.s.web.servlet.DispatcherServlet - Initializing Servlet 'dispatcherServlet'
2026-05-19 17:16:02 [RMI TCP Connection(2)-127.0.0.1] INFO  o.s.web.servlet.DispatcherServlet - Completed initialization in 2 ms
